>>> print_square = __import__('4-print_square').print_square

>>> print_square(1)
#

Checks size is string raise TypeError otherwise
>>> print_square('12') # doctest: +ELLIPSIS
Traceback (most recent call last):
	---
TypeError: size must be an integer

Checks size is > 0 raise Value Error otherwise
>>> print_square(-12) # doctest: +ELLIPSIS
Traceback (most recent call last):
	---
ValueError: size must be >= 0

Checks size is float and < 0 raise TypeError
>>> print_square(-2.34) # doctest: +ELLIPSIS
Traceback (most recent call last):
	---
TypeError: size must be an integer

Checks if size is larger than 100
>>> print_square(101) # doctest: +ELLIPSIS
Traceback (most recent call last):
	---
ValueError: size too large
